
OpenSBI v0.4 (Jul  2 2019 11:53:53)
   ____                    _____ ____ _____
  / __ \                  / ____|  _ \_   _|
 | |  | |_ __   ___ _ __ | (___ | |_) || |
 | |  | | '_ \ / _ \ '_ \ \___ \|  _ < | |
 | |__| | |_) |  __/ | | |____) | |_) || |_
  \____/| .__/ \___|_| |_|_____/|____/_____|
        | |
        |_|

Platform Name          : QEMU Virt Machine
Platform HART Features : RV64ACDFIMSU
Platform Max HARTs     : 8
Current Hart           : 0
Firmware Base          : 0x80000000
Firmware Size          : 112 KB
Runtime SBI Version    : 0.1

PMP0: 0x0000000080000000-0x000000008001ffff (A)
PMP1: 0x0000000000000000-0xffffffffffffffff (A,R,W,X)
(THU.CST) os is loading ...

Special kernel symbols:
  entry  0xc020004a (virtual)
  etext  0xc0205956 (virtual)
  edata  0xc02e2680 (virtual)
  end    0xc02e6b60 (virtual)
Kernel executable memory footprint: 923KB
DTB Init
HartID: 0
DTB Address: 0x82200000
Physical Memory from DTB:
  Base: 0x0000000080000000
  Size: 0x0000000008000000 (128 MB)
  End:  0x0000000087ffffff
DTB init completed
memory management: default_pmm_manager
physcial memory map:
  memory: 0x08000000, [0x80000000, 0x87ffffff].
vapaofset is 18446744070488326144
check_alloc_page() succeeded!
check_pgdir() succeeded!
check_boot_pgdir() succeeded!
use SLOB allocator
kmalloc_init() succeeded!
check_vma_struct() succeeded!
check_vmm() succeeded.
sched class: SJF_scheduler
++ setup timer interrupts
kernel_execve: pid = 2, name = "priority".
main: fork ok,now need to wait pids.
set priority to 5
set priority to 4
set priority to 3
set priority to 2
set priority to 1
all user-mode processes have quit.
init check memory pass.
kernel_execve: pid = 2, name = "bench_short".
EAGER_COPY: copied page at va 0x7fffc000
EAGER_COPY: copied page at va 0x7fffd000
EAGER_COPY: copied page at va 0x7fffe000
EAGER_COPY: copied page at va 0x7ffff000
EAGER_COPY: copied page at va 0x800000
EAGER_COPY: copied page at va 0x7fffc000
EAGER_COPY: copied page at va 0x7fffd000
EAGER_COPY: copied page at va 0x7fffe000
EAGER_COPY: copied page at va 0x7ffff000
EAGER_COPY: copied page at va 0x800000
EAGER_COPY: copied page at va 0x7fffc000
EAGER_COPY: copied page at va 0x7fffd000
EAGER_COPY: copied page at va 0x7fffe000
EAGER_COPY: copied page at va 0x7ffff000
EAGER_COPY: copied page at va 0x800000
EAGER_COPY: copied page at va 0x7fffc000
EAGER_COPY: copied page at va 0x7fffd000
EAGER_COPY: copied page at va 0x7fffe000
EAGER_COPY: copied page at va 0x7ffff000
EAGER_COPY: copied page at va 0x800000
EAGER_COPY: copied page at va 0x7fffc000
EAGER_COPY: copied page at va 0x7fffd000
EAGER_COPY: copied page at va 0x7fffe000
EAGER_COPY: copied page at va 0x7ffff000
EAGER_COPY: copied page at va 0x800000
BENCH SUBMIT pid=3 bench=short t=10
BENCH START pid=3 t=10
BENCH END pid=3 t=10 work=short iter=300000
BENCH SUBMIT pid=4 bench=short t=10
BENCH START pid=4 t=10
BENCH END pid=4 t=10 work=short iter=300000
BENCH SUBMIT pid=5 bench=short t=10
BENCH START pid=5 t=10
BENCH END pid=5 t=10 work=short iter=300000
BENCH SUBMIT pid=6 bench=short t=10
BENCH START pid=6 t=10
BENCH END pid=6 t=20 work=short iter=300000
BENCH SUBMIT pid=7 bench=short t=20
BENCH START pid=7 t=20
BENCH END pid=7 t=20 work=short iter=300000
BENCH DONE bench=short
all user-mode processes have quit.
init check memory pass.
kernel panic at kern/process/proc.c:569:
    initproc exit.

